\BOOKMARK [1][-]{section.1}{\376\377\000I\000n\000t\000r\000o\000d\000u\000c\000c\000i\000\363\000n}{}% 1
\BOOKMARK [2][-]{subsection.1.1}{\376\377\000E\000l\000\040\000P\000r\000o\000b\000l\000e\000m\000a}{section.1}% 2
\BOOKMARK [2][-]{subsection.1.2}{\376\377\000L\000a\000\040\000M\000o\000t\000i\000v\000a\000c\000i\000\363\000n}{section.1}% 3
\BOOKMARK [2][-]{subsection.1.3}{\376\377\000L\000o\000s\000\040\000O\000b\000j\000e\000t\000i\000v\000o\000s}{section.1}% 4
\BOOKMARK [2][-]{subsection.1.4}{\376\377\000I\000m\000p\000o\000r\000t\000a\000n\000c\000i\000a\000\040\000d\000e\000l\000\040\000T\000e\000m\000a}{section.1}% 5
\BOOKMARK [1][-]{section.2}{\376\377\000L\000o\000\040\000Q\000u\000e\000\040\000O\000t\000r\000o\000s\000\040\000D\000i\000c\000e\000n\000\040\000\050\000T\000r\000a\000b\000a\000j\000o\000s\000\040\000R\000e\000l\000a\000c\000i\000o\000n\000a\000d\000o\000s\000\051}{}% 6
\BOOKMARK [2][-]{subsection.2.1}{\376\377\000E\000f\000i\000c\000i\000e\000n\000c\000i\000a\000\040\000d\000e\000l\000\040\000D\000e\000s\000e\000m\000p\000e\000\361\000o}{section.2}% 7
\BOOKMARK [2][-]{subsection.2.2}{\376\377\000G\000e\000s\000t\000i\000\363\000n\000\040\000d\000e\000\040\000C\000a\000l\000i\000d\000a\000d\000\040\000c\000o\000n\000\040\000M\000e\000t\000o\000d\000o\000l\000o\000g\000\355\000a\000s\000\040\000\301\000g\000i\000l\000e\000s}{section.2}% 8
\BOOKMARK [2][-]{subsection.2.3}{\376\377\000G\000e\000s\000t\000i\000\363\000n\000\040\000d\000e\000\040\000T\000e\000c\000n\000o\000l\000o\000g\000\355\000a\000\040\000y\000\040\000B\000u\000e\000n\000a\000s\000\040\000P\000r\000\341\000c\000t\000i\000c\000a\000s}{section.2}% 9
\BOOKMARK [2][-]{subsection.2.4}{\376\377\000P\000a\000t\000r\000o\000n\000e\000s\000\040\000d\000e\000\040\000D\000i\000s\000e\000\361\000o}{section.2}% 10
\BOOKMARK [1][-]{section.3}{\376\377\000M\000e\000t\000o\000d\000o\000l\000o\000g\000\355\000a}{}% 11
\BOOKMARK [2][-]{subsection.3.1}{\376\377\000A\000r\000q\000u\000i\000t\000e\000c\000t\000u\000r\000a\000\040\000d\000e\000l\000\040\000S\000i\000s\000t\000e\000m\000a}{section.3}% 12
\BOOKMARK [2][-]{subsection.3.2}{\376\377\000S\000e\000l\000e\000c\000c\000i\000\363\000n\000\040\000d\000e\000\040\000T\000e\000c\000n\000o\000l\000o\000g\000\355\000a\000s}{section.3}% 13
\BOOKMARK [3][-]{subsubsection.3.2.1}{\376\377\000D\000e\000c\000i\000s\000i\000\363\000n\000\040\000d\000e\000l\000\040\000F\000r\000a\000m\000e\000w\000o\000r\000k\000\040\000B\000a\000c\000k\000e\000n\000d\000:\000\040\000D\000j\000a\000n\000g\000o\000\040\000v\000s\000\040\000F\000a\000s\000t\000A\000P\000I}{subsection.3.2}% 14
\BOOKMARK [2][-]{subsection.3.3}{\376\377\000S\000t\000a\000c\000k\000\040\000T\000e\000c\000n\000o\000l\000\363\000g\000i\000c\000o\000\040\000C\000o\000m\000p\000l\000e\000t\000o}{section.3}% 15
\BOOKMARK [2][-]{subsection.3.4}{\376\377\000M\000e\000t\000o\000d\000o\000l\000o\000g\000\355\000a\000\040\000d\000e\000\040\000D\000e\000s\000a\000r\000r\000o\000l\000l\000o\000:\000\040\000S\000c\000r\000u\000m}{section.3}% 16
\BOOKMARK [2][-]{subsection.3.5}{\376\377\000P\000a\000t\000r\000o\000n\000e\000s\000\040\000d\000e\000\040\000D\000i\000s\000e\000\361\000o\000\040\000A\000p\000l\000i\000c\000a\000d\000o\000s}{section.3}% 17
\BOOKMARK [3][-]{subsubsection.3.5.1}{\376\377\000R\000e\000p\000o\000s\000i\000t\000o\000r\000y\000\040\000P\000a\000t\000t\000e\000r\000n}{subsection.3.5}% 18
\BOOKMARK [3][-]{subsubsection.3.5.2}{\376\377\000D\000T\000O\000\040\000P\000a\000t\000t\000e\000r\000n\000\040\000\050\000D\000a\000t\000a\000\040\000T\000r\000a\000n\000s\000f\000e\000r\000\040\000O\000b\000j\000e\000c\000t\000\051}{subsection.3.5}% 19
\BOOKMARK [3][-]{subsubsection.3.5.3}{\376\377\000S\000e\000r\000v\000i\000c\000e\000\040\000L\000a\000y\000e\000r\000\040\000P\000a\000t\000t\000e\000r\000n}{subsection.3.5}% 20
\BOOKMARK [2][-]{subsection.3.6}{\376\377\000B\000u\000e\000n\000a\000s\000\040\000P\000r\000\341\000c\000t\000i\000c\000a\000s\000\040\000A\000p\000l\000i\000c\000a\000d\000a\000s}{section.3}% 21
\BOOKMARK [3][-]{subsubsection.3.6.1}{\376\377\000C\000l\000e\000a\000n\000\040\000C\000o\000d\000e}{subsection.3.6}% 22
\BOOKMARK [3][-]{subsubsection.3.6.2}{\376\377\000P\000r\000i\000n\000c\000i\000p\000i\000o\000s\000\040\000S\000O\000L\000I\000D}{subsection.3.6}% 23
\BOOKMARK [3][-]{subsubsection.3.6.3}{\376\377\000V\000a\000l\000i\000d\000a\000c\000i\000o\000n\000e\000s}{subsection.3.6}% 24
\BOOKMARK [2][-]{subsection.3.7}{\376\377\000P\000r\000o\000c\000e\000s\000o\000\040\000d\000e\000\040\000D\000e\000s\000a\000r\000r\000o\000l\000l\000o}{section.3}% 25
\BOOKMARK [1][-]{section.4}{\376\377\000I\000m\000p\000l\000e\000m\000e\000n\000t\000a\000c\000i\000\363\000n}{}% 26
\BOOKMARK [2][-]{subsection.4.1}{\376\377\000E\000s\000t\000r\000u\000c\000t\000u\000r\000a\000\040\000d\000e\000l\000\040\000P\000r\000o\000y\000e\000c\000t\000o\000\040\000B\000a\000c\000k\000e\000n\000d}{section.4}% 27
\BOOKMARK [3][-]{subsubsection.4.1.1}{\376\377\000M\000\363\000d\000u\000l\000o\000\040\0001\000:\000\040\000S\000e\000c\000u\000r\000i\000t\000y\000\040\000\050\000S\000e\000g\000u\000r\000i\000d\000a\000d\000\051}{subsection.4.1}% 28
\BOOKMARK [3][-]{subsubsection.4.1.2}{\376\377\000M\000\363\000d\000u\000l\000o\000\040\0002\000:\000\040\000G\000e\000n\000e\000r\000a\000l\000\040\000\050\000D\000a\000t\000o\000s\000\040\000M\000a\000e\000s\000t\000r\000o\000s\000\051}{subsection.4.1}% 29
\BOOKMARK [3][-]{subsubsection.4.1.3}{\376\377\000M\000\363\000d\000u\000l\000o\000\040\0003\000:\000\040\000A\000s\000s\000i\000g\000n\000\040\000\050\000A\000s\000i\000g\000n\000a\000c\000i\000o\000n\000e\000s\000\051}{subsection.4.1}% 30
\BOOKMARK [2][-]{subsection.4.2}{\376\377\000E\000s\000t\000r\000u\000c\000t\000u\000r\000a\000\040\000d\000e\000l\000\040\000P\000r\000o\000y\000e\000c\000t\000o\000\040\000F\000r\000o\000n\000t\000e\000n\000d}{section.4}% 31
\BOOKMARK [3][-]{subsubsection.4.2.1}{\376\377\000C\000a\000p\000a\000\040\000d\000e\000\040\000C\000o\000n\000f\000i\000g\000u\000r\000a\000c\000i\000\363\000n\000\040\000y\000\040\000S\000e\000r\000v\000i\000c\000i\000o\000s\000\040\000\050\000s\000r\000c\000/\000A\000p\000i\000/\000\051}{subsection.4.2}% 32
\BOOKMARK [3][-]{subsubsection.4.2.2}{\376\377\000C\000a\000p\000a\000\040\000d\000e\000\040\000C\000o\000m\000p\000o\000n\000e\000n\000t\000e\000s\000\040\000\050\000s\000r\000c\000/\000c\000o\000m\000p\000o\000n\000e\000n\000t\000s\000/\000\051}{subsection.4.2}% 33
\BOOKMARK [3][-]{subsubsection.4.2.3}{\376\377\000C\000a\000p\000a\000\040\000d\000e\000\040\000L\000\363\000g\000i\000c\000a\000\040\000\050\000s\000r\000c\000/\000h\000o\000o\000k\000/\000\051}{subsection.4.2}% 34
\BOOKMARK [3][-]{subsubsection.4.2.4}{\376\377\000C\000a\000p\000a\000\040\000d\000e\000\040\000P\000r\000e\000s\000e\000n\000t\000a\000c\000i\000\363\000n\000\040\000\050\000s\000r\000c\000/\000p\000a\000g\000e\000s\000/\000\051}{subsection.4.2}% 35
\BOOKMARK [2][-]{subsection.4.3}{\376\377\000F\000l\000u\000j\000o\000\040\000d\000e\000\040\000u\000n\000a\000\040\000P\000e\000t\000i\000c\000i\000\363\000n}{section.4}% 36
\BOOKMARK [2][-]{subsection.4.4}{\376\377\000E\000j\000e\000m\000p\000l\000o\000\040\000P\000r\000\341\000c\000t\000i\000c\000o\000:\000\040\000C\000r\000e\000a\000r\000\040\000T\000i\000p\000o\000\040\000d\000e\000\040\000C\000o\000n\000t\000r\000a\000t\000o}{section.4}% 37
\BOOKMARK [2][-]{subsection.4.5}{\376\377\000C\000u\000s\000t\000o\000m\000\040\000H\000o\000o\000k\000s\000\040\000e\000n\000\040\000R\000e\000a\000c\000t}{section.4}% 38
\BOOKMARK [2][-]{subsection.4.6}{\376\377\000C\000o\000m\000p\000a\000r\000a\000c\000i\000\363\000n\000\040\000A\000n\000t\000e\000s\000/\000D\000e\000s\000p\000u\000\351\000s}{section.4}% 39
\BOOKMARK [1][-]{section.5}{\376\377\000P\000r\000u\000e\000b\000a\000s\000\040\000y\000\040\000V\000a\000l\000i\000d\000a\000c\000i\000\363\000n}{}% 40
\BOOKMARK [2][-]{subsection.5.1}{\376\377\000E\000s\000t\000r\000a\000t\000e\000g\000i\000a\000\040\000d\000e\000\040\000P\000r\000u\000e\000b\000a\000s}{section.5}% 41
\BOOKMARK [2][-]{subsection.5.2}{\376\377\000P\000r\000u\000e\000b\000a\000s\000\040\000B\000a\000c\000k\000e\000n\000d\000\040\000\050\000D\000j\000a\000n\000g\000o\000\051}{section.5}% 42
\BOOKMARK [3][-]{subsubsection.5.2.1}{\376\377\000T\000e\000s\000t\000i\000n\000g\000\040\000U\000n\000i\000t\000a\000r\000i\000o}{subsection.5.2}% 43
\BOOKMARK [3][-]{subsubsection.5.2.2}{\376\377\000T\000e\000s\000t\000i\000n\000g\000\040\000d\000e\000\040\000A\000P\000I\000\040\000c\000o\000n\000\040\000S\000w\000a\000g\000g\000e\000r}{subsection.5.2}% 44
\BOOKMARK [2][-]{subsection.5.3}{\376\377\000P\000r\000u\000e\000b\000a\000s\000\040\000F\000r\000o\000n\000t\000e\000n\000d\000\040\000\050\000R\000e\000a\000c\000t\000\040\000+\000\040\000T\000y\000p\000e\000S\000c\000r\000i\000p\000t\000\051}{section.5}% 45
\BOOKMARK [3][-]{subsubsection.5.3.1}{\376\377\000T\000e\000s\000t\000i\000n\000g\000\040\000U\000n\000i\000t\000a\000r\000i\000o\000\040\000c\000o\000n\000\040\000J\000e\000s\000t}{subsection.5.3}% 46
\BOOKMARK [3][-]{subsubsection.5.3.2}{\376\377\000V\000a\000l\000i\000d\000a\000c\000i\000\363\000n\000\040\000d\000e\000\040\000T\000i\000p\000o\000s\000\040\000c\000o\000n\000\040\000T\000y\000p\000e\000S\000c\000r\000i\000p\000t}{subsection.5.3}% 47
\BOOKMARK [2][-]{subsection.5.4}{\376\377\000P\000r\000u\000e\000b\000a\000s\000\040\000d\000e\000\040\000I\000n\000t\000e\000g\000r\000a\000c\000i\000\363\000n}{section.5}% 48
\BOOKMARK [3][-]{subsubsection.5.4.1}{\376\377\000F\000l\000u\000j\000o\000s\000\040\000E\000n\000d\000-\000t\000o\000-\000E\000n\000d\000\040\000V\000a\000l\000i\000d\000a\000d\000o\000s}{subsection.5.4}% 49
\BOOKMARK [2][-]{subsection.5.5}{\376\377\000P\000r\000u\000e\000b\000a\000s\000\040\000d\000e\000\040\000C\000a\000r\000g\000a}{section.5}% 50
\BOOKMARK [2][-]{subsection.5.6}{\376\377\000P\000r\000u\000e\000b\000a\000s\000\040\000d\000e\000\040\000S\000e\000g\000u\000r\000i\000d\000a\000d}{section.5}% 51
\BOOKMARK [2][-]{subsection.5.7}{\376\377\000V\000a\000l\000i\000d\000a\000c\000i\000\363\000n\000\040\000c\000o\000n\000\040\000U\000s\000u\000a\000r\000i\000o\000s\000\040\000R\000e\000a\000l\000e\000s}{section.5}% 52
\BOOKMARK [2][-]{subsection.5.8}{\376\377\000M\000\351\000t\000r\000i\000c\000a\000s\000\040\000d\000e\000\040\000C\000a\000l\000i\000d\000a\000d\000\040\000d\000e\000\040\000C\000\363\000d\000i\000g\000o}{section.5}% 53
\BOOKMARK [2][-]{subsection.5.9}{\376\377\000L\000e\000c\000c\000i\000o\000n\000e\000s\000\040\000d\000e\000\040\000l\000a\000s\000\040\000P\000r\000u\000e\000b\000a\000s}{section.5}% 54
\BOOKMARK [1][-]{section.6}{\376\377\000R\000e\000s\000u\000l\000t\000a\000d\000o\000s}{}% 55
\BOOKMARK [2][-]{subsection.6.1}{\376\377\000M\000\351\000t\000r\000i\000c\000a\000s\000\040\000d\000e\000\040\000R\000e\000n\000d\000i\000m\000i\000e\000n\000t\000o}{section.6}% 56
\BOOKMARK [2][-]{subsection.6.2}{\376\377\000C\000o\000m\000p\000l\000e\000j\000i\000d\000a\000d\000\040\000d\000e\000l\000\040\000C\000\363\000d\000i\000g\000o}{section.6}% 57
\BOOKMARK [2][-]{subsection.6.3}{\376\377\000M\000a\000n\000t\000e\000n\000i\000b\000i\000l\000i\000d\000a\000d}{section.6}% 58
\BOOKMARK [2][-]{subsection.6.4}{\376\377\000E\000s\000c\000a\000l\000a\000b\000i\000l\000i\000d\000a\000d\000\040\000d\000e\000l\000\040\000S\000i\000s\000t\000e\000m\000a}{section.6}% 59
\BOOKMARK [3][-]{subsubsection.6.4.1}{\376\377\000C\000a\000p\000a\000c\000i\000d\000a\000d\000\040\000d\000e\000\040\000U\000s\000u\000a\000r\000i\000o\000s}{subsection.6.4}% 60
\BOOKMARK [3][-]{subsubsection.6.4.2}{\376\377\000C\000a\000p\000a\000c\000i\000d\000a\000d\000\040\000d\000e\000\040\000D\000a\000t\000o\000s}{subsection.6.4}% 61
\BOOKMARK [3][-]{subsubsection.6.4.3}{\376\377\000A\000r\000q\000u\000i\000t\000e\000c\000t\000u\000r\000a\000\040\000E\000s\000c\000a\000l\000a\000b\000l\000e}{subsection.6.4}% 62
\BOOKMARK [2][-]{subsection.6.5}{\376\377\000M\000\351\000t\000r\000i\000c\000a\000s\000\040\000T\000\351\000c\000n\000i\000c\000a\000s\000\040\000d\000e\000l\000\040\000S\000i\000s\000t\000e\000m\000a}{section.6}% 63
\BOOKMARK [3][-]{subsubsection.6.5.1}{\376\377\000B\000a\000s\000e\000\040\000d\000e\000\040\000D\000a\000t\000o\000s}{subsection.6.5}% 64
\BOOKMARK [3][-]{subsubsection.6.5.2}{\376\377\000A\000P\000I\000\040\000R\000E\000S\000T}{subsection.6.5}% 65
\BOOKMARK [3][-]{subsubsection.6.5.3}{\376\377\000F\000r\000o\000n\000t\000e\000n\000d}{subsection.6.5}% 66
\BOOKMARK [2][-]{subsection.6.6}{\376\377\000F\000a\000c\000i\000l\000i\000d\000a\000d\000\040\000d\000e\000\040\000E\000x\000t\000e\000n\000s\000i\000\363\000n}{section.6}% 67
\BOOKMARK [2][-]{subsection.6.7}{\376\377\000D\000i\000s\000t\000r\000i\000b\000u\000c\000i\000\363\000n\000\040\000d\000e\000\040\000M\000\363\000d\000u\000l\000o\000s}{section.6}% 68
\BOOKMARK [2][-]{subsection.6.8}{\376\377\000A\000r\000q\000u\000i\000t\000e\000c\000t\000u\000r\000a\000\040\000L\000o\000g\000r\000a\000d\000a}{section.6}% 69
\BOOKMARK [1][-]{section.7}{\376\377\000D\000i\000s\000c\000u\000s\000i\000\363\000n}{}% 70
\BOOKMARK [2][-]{subsection.7.1}{\376\377\000I\000m\000p\000a\000c\000t\000o\000\040\000d\000e\000\040\000l\000a\000s\000\040\000B\000u\000e\000n\000a\000s\000\040\000P\000r\000\341\000c\000t\000i\000c\000a\000s}{section.7}% 71
\BOOKMARK [2][-]{subsection.7.2}{\376\377\000P\000a\000t\000r\000o\000n\000e\000s\000\040\000d\000e\000\040\000D\000i\000s\000e\000\361\000o\000:\000\040\000\277\000V\000a\000l\000i\000e\000r\000o\000n\000\040\000l\000a\000\040\000P\000e\000n\000a\000?}{section.7}% 72
\BOOKMARK [2][-]{subsection.7.3}{\376\377\000Q\000u\000\351\000\040\000M\000e\000j\000o\000r\000\363}{section.7}% 73
\BOOKMARK [2][-]{subsection.7.4}{\376\377\000Q\000u\000\351\000\040\000S\000e\000\040\000P\000o\000d\000r\000\355\000a\000\040\000O\000p\000t\000i\000m\000i\000z\000a\000r}{section.7}% 74
\BOOKMARK [2][-]{subsection.7.5}{\376\377\000L\000e\000c\000c\000i\000o\000n\000e\000s\000\040\000A\000p\000r\000e\000n\000d\000i\000d\000a\000s}{section.7}% 75
\BOOKMARK [2][-]{subsection.7.6}{\376\377\000R\000e\000l\000a\000c\000i\000\363\000n\000\040\000c\000o\000n\000\040\000T\000r\000a\000b\000a\000j\000o\000s\000\040\000P\000r\000e\000v\000i\000o\000s}{section.7}% 76
\BOOKMARK [1][-]{section.8}{\376\377\000C\000o\000n\000c\000l\000u\000s\000i\000o\000n\000e\000s}{}% 77
\BOOKMARK [2][-]{subsection.8.1}{\376\377\000R\000e\000s\000u\000m\000e\000n\000\040\000d\000e\000\040\000H\000a\000l\000l\000a\000z\000g\000o\000s}{section.8}% 78
\BOOKMARK [2][-]{subsection.8.2}{\376\377\000C\000o\000n\000t\000r\000i\000b\000u\000c\000i\000o\000n\000e\000s}{section.8}% 79
\BOOKMARK [2][-]{subsection.8.3}{\376\377\000L\000i\000m\000i\000t\000a\000c\000i\000o\000n\000e\000s}{section.8}% 80
\BOOKMARK [2][-]{subsection.8.4}{\376\377\000T\000r\000a\000b\000a\000j\000o\000s\000\040\000F\000u\000t\000u\000r\000o\000s}{section.8}% 81
\BOOKMARK [2][-]{subsection.8.5}{\376\377\000R\000e\000f\000l\000e\000x\000i\000\363\000n\000\040\000F\000i\000n\000a\000l}{section.8}% 82
\BOOKMARK [1][-]{section*.7}{\376\377\000A\000p\000\351\000n\000d\000i\000c\000e}{}% 83
