\BOOKMARK [1][-]{section*.4}{\376\377\000I\000n\000t\000r\000o\000d\000u\000c\000c\000i\000\363\000n}{}% 1
\BOOKMARK [2][-]{section*.5}{\376\377\000E\000l\000\040\000P\000r\000o\000b\000l\000e\000m\000a}{section*.4}% 2
\BOOKMARK [2][-]{section*.6}{\376\377\000L\000a\000\040\000M\000o\000t\000i\000v\000a\000c\000i\000\363\000n}{section*.4}% 3
\BOOKMARK [2][-]{section*.7}{\376\377\000L\000o\000s\000\040\000O\000b\000j\000e\000t\000i\000v\000o\000s}{section*.4}% 4
\BOOKMARK [2][-]{section*.8}{\376\377\000I\000m\000p\000o\000r\000t\000a\000n\000c\000i\000a\000\040\000d\000e\000l\000\040\000T\000e\000m\000a}{section*.4}% 5
\BOOKMARK [1][-]{section*.9}{\376\377\000L\000o\000\040\000Q\000u\000e\000\040\000O\000t\000r\000o\000s\000\040\000D\000i\000c\000e\000n\000\040\000\050\000T\000r\000a\000b\000a\000j\000o\000s\000\040\000R\000e\000l\000a\000c\000i\000o\000n\000a\000d\000o\000s\000\051}{}% 6
\BOOKMARK [2][-]{section*.10}{\376\377\000E\000f\000i\000c\000i\000e\000n\000c\000i\000a\000\040\000d\000e\000l\000\040\000D\000e\000s\000e\000m\000p\000e\000\361\000o}{section*.9}% 7
\BOOKMARK [2][-]{section*.11}{\376\377\000G\000e\000s\000t\000i\000\363\000n\000\040\000d\000e\000\040\000C\000a\000l\000i\000d\000a\000d\000\040\000c\000o\000n\000\040\000M\000e\000t\000o\000d\000o\000l\000o\000g\000\355\000a\000s\000\040\000\301\000g\000i\000l\000e\000s}{section*.9}% 8
\BOOKMARK [2][-]{section*.12}{\376\377\000G\000e\000s\000t\000i\000\363\000n\000\040\000d\000e\000\040\000T\000e\000c\000n\000o\000l\000o\000g\000\355\000a\000\040\000y\000\040\000B\000u\000e\000n\000a\000s\000\040\000P\000r\000\341\000c\000t\000i\000c\000a\000s}{section*.9}% 9
\BOOKMARK [2][-]{section*.13}{\376\377\000P\000a\000t\000r\000o\000n\000e\000s\000\040\000d\000e\000\040\000D\000i\000s\000e\000\361\000o}{section*.9}% 10
\BOOKMARK [1][-]{section*.14}{\376\377\000M\000e\000t\000o\000d\000o\000l\000o\000g\000\355\000a}{}% 11
\BOOKMARK [2][-]{section*.15}{\376\377\000A\000r\000q\000u\000i\000t\000e\000c\000t\000u\000r\000a\000\040\000d\000e\000l\000\040\000S\000i\000s\000t\000e\000m\000a}{section*.14}% 12
\BOOKMARK [2][-]{section*.16}{\376\377\000S\000e\000l\000e\000c\000c\000i\000\363\000n\000\040\000d\000e\000\040\000T\000e\000c\000n\000o\000l\000o\000g\000\355\000a\000s}{section*.14}% 13
\BOOKMARK [3][-]{section*.17}{\376\377\000D\000e\000c\000i\000s\000i\000\363\000n\000\040\000d\000e\000l\000\040\000F\000r\000a\000m\000e\000w\000o\000r\000k\000\040\000B\000a\000c\000k\000e\000n\000d\000:\000\040\000D\000j\000a\000n\000g\000o\000\040\000v\000s\000\040\000F\000a\000s\000t\000A\000P\000I}{section*.16}% 14
\BOOKMARK [2][-]{section*.18}{\376\377\000S\000t\000a\000c\000k\000\040\000T\000e\000c\000n\000o\000l\000\363\000g\000i\000c\000o\000\040\000C\000o\000m\000p\000l\000e\000t\000o}{section*.14}% 15
\BOOKMARK [2][-]{section*.19}{\376\377\000M\000e\000t\000o\000d\000o\000l\000o\000g\000\355\000a\000\040\000d\000e\000\040\000D\000e\000s\000a\000r\000r\000o\000l\000l\000o\000:\000\040\000S\000c\000r\000u\000m}{section*.14}% 16
\BOOKMARK [2][-]{section*.20}{\376\377\000P\000a\000t\000r\000o\000n\000e\000s\000\040\000d\000e\000\040\000D\000i\000s\000e\000\361\000o\000\040\000A\000p\000l\000i\000c\000a\000d\000o\000s}{section*.14}% 17
\BOOKMARK [3][-]{section*.21}{\376\377\000R\000e\000p\000o\000s\000i\000t\000o\000r\000y\000\040\000P\000a\000t\000t\000e\000r\000n}{section*.20}% 18
\BOOKMARK [3][-]{section*.22}{\376\377\000D\000T\000O\000\040\000P\000a\000t\000t\000e\000r\000n\000\040\000\050\000D\000a\000t\000a\000\040\000T\000r\000a\000n\000s\000f\000e\000r\000\040\000O\000b\000j\000e\000c\000t\000\051}{section*.20}% 19
\BOOKMARK [3][-]{section*.23}{\376\377\000S\000e\000r\000v\000i\000c\000e\000\040\000L\000a\000y\000e\000r\000\040\000P\000a\000t\000t\000e\000r\000n}{section*.20}% 20
\BOOKMARK [2][-]{section*.24}{\376\377\000B\000u\000e\000n\000a\000s\000\040\000P\000r\000\341\000c\000t\000i\000c\000a\000s\000\040\000A\000p\000l\000i\000c\000a\000d\000a\000s}{section*.14}% 21
\BOOKMARK [3][-]{section*.25}{\376\377\000C\000l\000e\000a\000n\000\040\000C\000o\000d\000e}{section*.24}% 22
\BOOKMARK [3][-]{section*.26}{\376\377\000P\000r\000i\000n\000c\000i\000p\000i\000o\000s\000\040\000S\000O\000L\000I\000D}{section*.24}% 23
\BOOKMARK [3][-]{section*.27}{\376\377\000V\000a\000l\000i\000d\000a\000c\000i\000o\000n\000e\000s}{section*.24}% 24
\BOOKMARK [2][-]{section*.28}{\376\377\000P\000r\000o\000c\000e\000s\000o\000\040\000d\000e\000\040\000D\000e\000s\000a\000r\000r\000o\000l\000l\000o}{section*.14}% 25
\BOOKMARK [1][-]{section*.29}{\376\377\000I\000m\000p\000l\000e\000m\000e\000n\000t\000a\000c\000i\000\363\000n}{}% 26
\BOOKMARK [2][-]{section*.30}{\376\377\000E\000s\000t\000r\000u\000c\000t\000u\000r\000a\000\040\000d\000e\000l\000\040\000P\000r\000o\000y\000e\000c\000t\000o\000\040\000B\000a\000c\000k\000e\000n\000d}{section*.29}% 27
\BOOKMARK [3][-]{section*.31}{\376\377\000M\000\363\000d\000u\000l\000o\000\040\0001\000:\000\040\000S\000e\000c\000u\000r\000i\000t\000y\000\040\000\050\000S\000e\000g\000u\000r\000i\000d\000a\000d\000\051}{section*.30}% 28
\BOOKMARK [3][-]{section*.32}{\376\377\000M\000\363\000d\000u\000l\000o\000\040\0002\000:\000\040\000G\000e\000n\000e\000r\000a\000l\000\040\000\050\000D\000a\000t\000o\000s\000\040\000M\000a\000e\000s\000t\000r\000o\000s\000\051}{section*.30}% 29
\BOOKMARK [3][-]{section*.33}{\376\377\000M\000\363\000d\000u\000l\000o\000\040\0003\000:\000\040\000A\000s\000s\000i\000g\000n\000\040\000\050\000A\000s\000i\000g\000n\000a\000c\000i\000o\000n\000e\000s\000\051}{section*.30}% 30
\BOOKMARK [2][-]{section*.34}{\376\377\000E\000s\000t\000r\000u\000c\000t\000u\000r\000a\000\040\000d\000e\000l\000\040\000P\000r\000o\000y\000e\000c\000t\000o\000\040\000F\000r\000o\000n\000t\000e\000n\000d}{section*.29}% 31
\BOOKMARK [3][-]{section*.35}{\376\377\000C\000a\000p\000a\000\040\000d\000e\000\040\000C\000o\000n\000f\000i\000g\000u\000r\000a\000c\000i\000\363\000n\000\040\000y\000\040\000S\000e\000r\000v\000i\000c\000i\000o\000s\000\040\000\050\000s\000r\000c\000/\000A\000p\000i\000/\000\051}{section*.34}% 32
\BOOKMARK [3][-]{section*.36}{\376\377\000C\000a\000p\000a\000\040\000d\000e\000\040\000C\000o\000m\000p\000o\000n\000e\000n\000t\000e\000s\000\040\000\050\000s\000r\000c\000/\000c\000o\000m\000p\000o\000n\000e\000n\000t\000s\000/\000\051}{section*.34}% 33
\BOOKMARK [3][-]{section*.37}{\376\377\000C\000a\000p\000a\000\040\000d\000e\000\040\000L\000\363\000g\000i\000c\000a\000\040\000\050\000s\000r\000c\000/\000h\000o\000o\000k\000/\000\051}{section*.34}% 34
\BOOKMARK [3][-]{section*.38}{\376\377\000C\000a\000p\000a\000\040\000d\000e\000\040\000P\000r\000e\000s\000e\000n\000t\000a\000c\000i\000\363\000n\000\040\000\050\000s\000r\000c\000/\000p\000a\000g\000e\000s\000/\000\051}{section*.34}% 35
\BOOKMARK [2][-]{section*.39}{\376\377\000F\000l\000u\000j\000o\000\040\000d\000e\000\040\000u\000n\000a\000\040\000P\000e\000t\000i\000c\000i\000\363\000n}{section*.29}% 36
\BOOKMARK [2][-]{section*.40}{\376\377\000E\000j\000e\000m\000p\000l\000o\000\040\000P\000r\000\341\000c\000t\000i\000c\000o\000:\000\040\000C\000r\000e\000a\000r\000\040\000T\000i\000p\000o\000\040\000d\000e\000\040\000C\000o\000n\000t\000r\000a\000t\000o}{section*.29}% 37
\BOOKMARK [2][-]{section*.41}{\376\377\000C\000u\000s\000t\000o\000m\000\040\000H\000o\000o\000k\000s\000\040\000e\000n\000\040\000R\000e\000a\000c\000t}{section*.29}% 38
\BOOKMARK [2][-]{section*.42}{\376\377\000C\000o\000m\000p\000a\000r\000a\000c\000i\000\363\000n\000\040\000A\000n\000t\000e\000s\000/\000D\000e\000s\000p\000u\000\351\000s}{section*.29}% 39
\BOOKMARK [1][-]{section*.43}{\376\377\000P\000r\000u\000e\000b\000a\000s\000\040\000y\000\040\000V\000a\000l\000i\000d\000a\000c\000i\000\363\000n}{}% 40
\BOOKMARK [2][-]{section*.44}{\376\377\000E\000s\000t\000r\000a\000t\000e\000g\000i\000a\000\040\000d\000e\000\040\000P\000r\000u\000e\000b\000a\000s}{section*.43}% 41
\BOOKMARK [2][-]{section*.45}{\376\377\000P\000r\000u\000e\000b\000a\000s\000\040\000B\000a\000c\000k\000e\000n\000d\000\040\000\050\000D\000j\000a\000n\000g\000o\000\051}{section*.43}% 42
\BOOKMARK [3][-]{section*.46}{\376\377\000T\000e\000s\000t\000i\000n\000g\000\040\000U\000n\000i\000t\000a\000r\000i\000o}{section*.45}% 43
\BOOKMARK [3][-]{section*.47}{\376\377\000T\000e\000s\000t\000i\000n\000g\000\040\000d\000e\000\040\000A\000P\000I\000\040\000c\000o\000n\000\040\000S\000w\000a\000g\000g\000e\000r}{section*.45}% 44
\BOOKMARK [2][-]{section*.48}{\376\377\000P\000r\000u\000e\000b\000a\000s\000\040\000F\000r\000o\000n\000t\000e\000n\000d\000\040\000\050\000R\000e\000a\000c\000t\000\040\000+\000\040\000T\000y\000p\000e\000S\000c\000r\000i\000p\000t\000\051}{section*.43}% 45
\BOOKMARK [3][-]{section*.49}{\376\377\000T\000e\000s\000t\000i\000n\000g\000\040\000U\000n\000i\000t\000a\000r\000i\000o\000\040\000c\000o\000n\000\040\000J\000e\000s\000t}{section*.48}% 46
\BOOKMARK [3][-]{section*.50}{\376\377\000V\000a\000l\000i\000d\000a\000c\000i\000\363\000n\000\040\000d\000e\000\040\000T\000i\000p\000o\000s\000\040\000c\000o\000n\000\040\000T\000y\000p\000e\000S\000c\000r\000i\000p\000t}{section*.48}% 47
\BOOKMARK [2][-]{section*.51}{\376\377\000P\000r\000u\000e\000b\000a\000s\000\040\000d\000e\000\040\000I\000n\000t\000e\000g\000r\000a\000c\000i\000\363\000n}{section*.43}% 48
\BOOKMARK [3][-]{section*.52}{\376\377\000F\000l\000u\000j\000o\000s\000\040\000E\000n\000d\000-\000t\000o\000-\000E\000n\000d\000\040\000V\000a\000l\000i\000d\000a\000d\000o\000s}{section*.51}% 49
\BOOKMARK [2][-]{section*.53}{\376\377\000P\000r\000u\000e\000b\000a\000s\000\040\000d\000e\000\040\000C\000a\000r\000g\000a}{section*.43}% 50
\BOOKMARK [2][-]{section*.54}{\376\377\000P\000r\000u\000e\000b\000a\000s\000\040\000d\000e\000\040\000S\000e\000g\000u\000r\000i\000d\000a\000d}{section*.43}% 51
\BOOKMARK [2][-]{section*.55}{\376\377\000V\000a\000l\000i\000d\000a\000c\000i\000\363\000n\000\040\000c\000o\000n\000\040\000U\000s\000u\000a\000r\000i\000o\000s\000\040\000R\000e\000a\000l\000e\000s}{section*.43}% 52
\BOOKMARK [2][-]{section*.56}{\376\377\000M\000\351\000t\000r\000i\000c\000a\000s\000\040\000d\000e\000\040\000C\000a\000l\000i\000d\000a\000d\000\040\000d\000e\000\040\000C\000\363\000d\000i\000g\000o}{section*.43}% 53
\BOOKMARK [2][-]{section*.57}{\376\377\000L\000e\000c\000c\000i\000o\000n\000e\000s\000\040\000d\000e\000\040\000l\000a\000s\000\040\000P\000r\000u\000e\000b\000a\000s}{section*.43}% 54
\BOOKMARK [1][-]{section*.58}{\376\377\000R\000e\000s\000u\000l\000t\000a\000d\000o\000s}{}% 55
\BOOKMARK [2][-]{section*.59}{\376\377\000M\000\351\000t\000r\000i\000c\000a\000s\000\040\000d\000e\000\040\000R\000e\000n\000d\000i\000m\000i\000e\000n\000t\000o}{section*.58}% 56
\BOOKMARK [2][-]{section*.60}{\376\377\000C\000o\000m\000p\000l\000e\000j\000i\000d\000a\000d\000\040\000d\000e\000l\000\040\000C\000\363\000d\000i\000g\000o}{section*.58}% 57
\BOOKMARK [2][-]{section*.61}{\376\377\000M\000a\000n\000t\000e\000n\000i\000b\000i\000l\000i\000d\000a\000d}{section*.58}% 58
\BOOKMARK [2][-]{section*.62}{\376\377\000E\000s\000c\000a\000l\000a\000b\000i\000l\000i\000d\000a\000d\000\040\000d\000e\000l\000\040\000S\000i\000s\000t\000e\000m\000a}{section*.58}% 59
\BOOKMARK [3][-]{section*.63}{\376\377\000C\000a\000p\000a\000c\000i\000d\000a\000d\000\040\000d\000e\000\040\000U\000s\000u\000a\000r\000i\000o\000s}{section*.62}% 60
\BOOKMARK [3][-]{section*.64}{\376\377\000C\000a\000p\000a\000c\000i\000d\000a\000d\000\040\000d\000e\000\040\000D\000a\000t\000o\000s}{section*.62}% 61
\BOOKMARK [3][-]{section*.65}{\376\377\000A\000r\000q\000u\000i\000t\000e\000c\000t\000u\000r\000a\000\040\000E\000s\000c\000a\000l\000a\000b\000l\000e}{section*.62}% 62
\BOOKMARK [2][-]{section*.66}{\376\377\000M\000\351\000t\000r\000i\000c\000a\000s\000\040\000T\000\351\000c\000n\000i\000c\000a\000s\000\040\000d\000e\000l\000\040\000S\000i\000s\000t\000e\000m\000a}{section*.58}% 63
\BOOKMARK [3][-]{section*.67}{\376\377\000B\000a\000s\000e\000\040\000d\000e\000\040\000D\000a\000t\000o\000s}{section*.66}% 64
\BOOKMARK [3][-]{section*.68}{\376\377\000A\000P\000I\000\040\000R\000E\000S\000T}{section*.66}% 65
\BOOKMARK [3][-]{section*.69}{\376\377\000F\000r\000o\000n\000t\000e\000n\000d}{section*.66}% 66
\BOOKMARK [2][-]{section*.70}{\376\377\000F\000a\000c\000i\000l\000i\000d\000a\000d\000\040\000d\000e\000\040\000E\000x\000t\000e\000n\000s\000i\000\363\000n}{section*.58}% 67
\BOOKMARK [2][-]{section*.71}{\376\377\000D\000i\000s\000t\000r\000i\000b\000u\000c\000i\000\363\000n\000\040\000d\000e\000\040\000M\000\363\000d\000u\000l\000o\000s}{section*.58}% 68
\BOOKMARK [2][-]{section*.72}{\376\377\000A\000r\000q\000u\000i\000t\000e\000c\000t\000u\000r\000a\000\040\000L\000o\000g\000r\000a\000d\000a}{section*.58}% 69
\BOOKMARK [1][-]{section*.73}{\376\377\000D\000i\000s\000c\000u\000s\000i\000\363\000n}{}% 70
\BOOKMARK [2][-]{section*.74}{\376\377\000I\000m\000p\000a\000c\000t\000o\000\040\000d\000e\000\040\000l\000a\000s\000\040\000B\000u\000e\000n\000a\000s\000\040\000P\000r\000\341\000c\000t\000i\000c\000a\000s}{section*.73}% 71
\BOOKMARK [2][-]{section*.75}{\376\377\000P\000a\000t\000r\000o\000n\000e\000s\000\040\000d\000e\000\040\000D\000i\000s\000e\000\361\000o\000:\000\040\000\277\000V\000a\000l\000i\000e\000r\000o\000n\000\040\000l\000a\000\040\000P\000e\000n\000a\000?}{section*.73}% 72
\BOOKMARK [2][-]{section*.76}{\376\377\000Q\000u\000\351\000\040\000M\000e\000j\000o\000r\000\363}{section*.73}% 73
\BOOKMARK [2][-]{section*.77}{\376\377\000Q\000u\000\351\000\040\000S\000e\000\040\000P\000o\000d\000r\000\355\000a\000\040\000O\000p\000t\000i\000m\000i\000z\000a\000r}{section*.73}% 74
\BOOKMARK [2][-]{section*.78}{\376\377\000L\000e\000c\000c\000i\000o\000n\000e\000s\000\040\000A\000p\000r\000e\000n\000d\000i\000d\000a\000s}{section*.73}% 75
\BOOKMARK [2][-]{section*.79}{\376\377\000R\000e\000l\000a\000c\000i\000\363\000n\000\040\000c\000o\000n\000\040\000T\000r\000a\000b\000a\000j\000o\000s\000\040\000P\000r\000e\000v\000i\000o\000s}{section*.73}% 76
\BOOKMARK [1][-]{section*.80}{\376\377\000C\000o\000n\000c\000l\000u\000s\000i\000o\000n\000e\000s}{}% 77
\BOOKMARK [2][-]{section*.81}{\376\377\000R\000e\000s\000u\000m\000e\000n\000\040\000d\000e\000\040\000H\000a\000l\000l\000a\000z\000g\000o\000s}{section*.80}% 78
\BOOKMARK [2][-]{section*.82}{\376\377\000C\000o\000n\000t\000r\000i\000b\000u\000c\000i\000o\000n\000e\000s}{section*.80}% 79
\BOOKMARK [2][-]{section*.83}{\376\377\000L\000i\000m\000i\000t\000a\000c\000i\000o\000n\000e\000s}{section*.80}% 80
\BOOKMARK [2][-]{section*.84}{\376\377\000T\000r\000a\000b\000a\000j\000o\000s\000\040\000F\000u\000t\000u\000r\000o\000s}{section*.80}% 81
\BOOKMARK [2][-]{section*.85}{\376\377\000R\000e\000f\000l\000e\000x\000i\000\363\000n\000\040\000F\000i\000n\000a\000l}{section*.80}% 82
